// Jest Snapshot v1, https://goo.gl/fbAQLP

exports[`NewTransaction renders without crashing 1`] = `ReactWrapper {}`;
