// Jest Snapshot v1, https://goo.gl/fbAQLP

exports[`Dashboard renders without crashing 1`] = `ReactWrapper {}`;
